22:54:12 **** Incremental Build of configuration Release for project lpc_board_nxp_lpcxpresso_1769 ****
make -r -j8 all 
make[1]: Nothing to be done for 'main-build'.
Performing post-build steps
arm-none-eabi-size "liblpc_board_nxp_lpcxpresso_1769.a" ; # arm-none-eabi-objdump -h -S "liblpc_board_nxp_lpcxpresso_1769.a" >"liblpc_board_nxp_lpcxpresso_1769.lss"
   text	   data	    bss	    dec	    hex	filename
   1001	      0	      0	   1001	    3e9	board.o (ex liblpc_board_nxp_lpcxpresso_1769.a)
    154	      0	      0	    154	     9a	board_sysinit.o (ex liblpc_board_nxp_lpcxpresso_1769.a)
    404	      0	     18	    422	    1a6	lpc_phy_smsc87x0.o (ex liblpc_board_nxp_lpcxpresso_1769.a)
 
22:54:16 **** Incremental Build of configuration Release for project lpc_chip_175x_6x ****
make -r -j8 all 
make[1]: Nothing to be done for 'main-build'.
Performing post-build steps
arm-none-eabi-size "liblpc_chip_175x_6x.a" ; # arm-none-eabi-objdump -h -S "liblpc_chip_175x_6x.a" >"liblpc_chip_175x_6x.lss"
   text	   data	    bss	    dec	    hex	filename
    342	      0	      0	    342	    156	adc_17xx_40xx.o (ex liblpc_chip_175x_6x.a)
   4136	      0	      0	   4136	   1028	can_17xx_40xx.o (ex liblpc_chip_175x_6x.a)
     76	      0	      4	     80	     50	chip_17xx_40xx.o (ex liblpc_chip_175x_6x.a)
    696	      0	      0	    696	    2b8	clock_17xx_40xx.o (ex liblpc_chip_175x_6x.a)
      0	      0	      0	      0	      0	cmp_17xx_40xx.o (ex liblpc_chip_175x_6x.a)
      0	      0	      0	      0	      0	crc_17xx_40xx.o (ex liblpc_chip_175x_6x.a)
     50	      0	      0	     50	     32	dac_17xx_40xx.o (ex liblpc_chip_175x_6x.a)
      0	      0	      0	      0	      0	eeprom_17xx_40xx.o (ex liblpc_chip_175x_6x.a)
      0	      0	      0	      0	      0	emc_17xx_40xx.o (ex liblpc_chip_175x_6x.a)
    497	      0	      4	    501	    1f5	enet_17xx_40xx.o (ex liblpc_chip_175x_6x.a)
   1248	     96	      8	   1352	    548	gpdma_17xx_40xx.o (ex liblpc_chip_175x_6x.a)
      0	      0	      0	      0	      0	gpio_17xx_40xx.o (ex liblpc_chip_175x_6x.a)
      0	      0	      0	      0	      0	gpioint_17xx_40xx.o (ex liblpc_chip_175x_6x.a)
   1471	     84	    120	   1675	    68b	i2c_17xx_40xx.o (ex liblpc_chip_175x_6x.a)
    646	      0	      0	    646	    286	i2s_17xx_40xx.o (ex liblpc_chip_175x_6x.a)
    348	      0	      0	    348	    15c	iap.o (ex liblpc_chip_175x_6x.a)
    114	      0	      0	    114	     72	iocon_17xx_40xx.o (ex liblpc_chip_175x_6x.a)
      0	      0	      0	      0	      0	lcd_17xx_40xx.o (ex liblpc_chip_175x_6x.a)
    144	      0	      0	    144	     90	pmu_17xx_40xx.o (ex liblpc_chip_175x_6x.a)
    364	      0	      0	    364	    16c	ring_buffer.o (ex liblpc_chip_175x_6x.a)
     86	      0	      0	     86	     56	ritimer_17xx_40xx.o (ex liblpc_chip_175x_6x.a)
    330	      0	      0	    330	    14a	rtc_17xx_40xx.o (ex liblpc_chip_175x_6x.a)
      0	      0	      0	      0	      0	sdc_17xx_40xx.o (ex liblpc_chip_175x_6x.a)
      0	      0	      0	      0	      0	sdmmc_17xx_40xx.o (ex liblpc_chip_175x_6x.a)
    404	      0	      0	    404	    194	spi_17xx_40xx.o (ex liblpc_chip_175x_6x.a)
    860	      0	      0	    860	    35c	ssp_17xx_40xx.o (ex liblpc_chip_175x_6x.a)
    156	      0	     12	    168	     a8	stopwatch_17xx_40xx.o (ex liblpc_chip_175x_6x.a)
     20	      0	      0	     20	     14	sysctl_17xx_40xx.o (ex liblpc_chip_175x_6x.a)
    232	      0	      0	    232	     e8	sysinit_17xx_40xx.o (ex liblpc_chip_175x_6x.a)
    148	      0	      0	    148	     94	timer_17xx_40xx.o (ex liblpc_chip_175x_6x.a)
    866	      0	      1	    867	    363	uart_17xx_40xx.o (ex liblpc_chip_175x_6x.a)
     36	      0	      0	     36	     24	wwdt_17xx_40xx.o (ex liblpc_chip_175x_6x.a)
 
22:54:17 **** Incremental Build of configuration Release for project ADCMSIS ****
make -r -j8 all 
Building file: ../src/ADCMSIS.c
Invoking: MCU C Compiler
arm-none-eabi-gcc -DNDEBUG -D__CODE_RED -DCORE_M3 -D__USE_LPCOPEN -D__USE_CMSIS_DSPLIB=CMSIS_DSPLIB_CM3 -D__LPC17XX__ -D__REDLIB__ -I"C:\Users\ipave\Documents\GitHub\TCII\lpc_board_nxp_lpcxpresso_1769\inc" -I"C:\Users\ipave\Documents\GitHub\TCII\ADCMSIS\inc" -I"C:\Users\ipave\Documents\GitHub\TCII\lpc_chip_175x_6x\inc" -I"C:\Users\ipave\Documents\GitHub\TCII\CMSIS_DSPLIB_CM3\inc" -Os -fno-common -g -Wall -c -fmessage-length=0 -fno-builtin -ffunction-sections -fdata-sections -fmacro-prefix-map="../src/"= -mcpu=cortex-m3 -mthumb -D__REDLIB__ -fstack-usage -specs=redlib.specs -MMD -MP -MF"src/ADCMSIS.d" -MT"src/ADCMSIS.o" -MT"src/ADCMSIS.d" -o "src/ADCMSIS.o" "../src/ADCMSIS.c"
Finished building: ../src/ADCMSIS.c
 
Building target: ADCMSIS.axf
Invoking: MCU Linker
arm-none-eabi-gcc -nostdlib -L"C:\Users\ipave\Documents\GitHub\TCII\lpc_board_nxp_lpcxpresso_1769\Release" -L"C:\Users\ipave\Documents\GitHub\TCII\lpc_chip_175x_6x\Release" -L"C:\Users\ipave\Documents\GitHub\TCII\CMSIS_DSPLIB_CM3\lib" -Xlinker -Map="ADCMSIS.map" -Xlinker --cref -Xlinker --gc-sections -Xlinker -print-memory-usage -mcpu=cortex-m3 -mthumb -T ADCMSIS_Release.ld -o "ADCMSIS.axf" ./src/ADCMSIS.o ./src/adc.o ./src/cr_startup_lpc175x_6x.o ./src/crp.o ./src/dac.o ./src/filter.o ./src/sysinit.o    -llpc_board_nxp_lpcxpresso_1769 -llpc_chip_175x_6x -lCMSIS_DSPLIB_CM3
Memory region         Used Size  Region Size  %age Used
       MFlash512:        4248 B       512 KB      0.81%
        RamLoc32:        3416 B        32 KB     10.42%
        RamAHB32:          0 GB        32 KB      0.00%
Finished building target: ADCMSIS.axf
 
Performing post-build steps
arm-none-eabi-size "ADCMSIS.axf"; # arm-none-eabi-objcopy -v -O binary "ADCMSIS.axf" "ADCMSIS.bin" ; # checksum -p LPC1769 -d "ADCMSIS.bin";
   text	   data	    bss	    dec	    hex	filename
   4116	    132	   3284	   7532	   1d6c	ADCMSIS.axf
 
22:54:35 **** Incremental Build of configuration Release for project ADCMSIS ****
make -r -j8 all 
make[1]: Nothing to be done for 'main-build'.
Performing post-build steps
arm-none-eabi-size "ADCMSIS.axf"; # arm-none-eabi-objcopy -v -O binary "ADCMSIS.axf" "ADCMSIS.bin" ; # checksum -p LPC1769 -d "ADCMSIS.bin";
   text	   data	    bss	    dec	    hex	filename
   4116	    132	   3284	   7532	   1d6c	ADCMSIS.axf
 
