13:20:18 **** Incremental Build of configuration Release for project lpc_board_nxp_lpcxpresso_1769 ****
make -r -j16 all 
Building file: ../src/board.c
Building file: ../src/board_sysinit.c
Building file: ../src/lpc_phy_smsc87x0.c
Invoking: MCU C Compiler
arm-none-eabi-gcc -D__REDLIB__ -DNDEBUG -D__CODE_RED -D__USE_LPCOPEN -DCORE_M3 -I"C:\Users\ipave\Documentos\GitHub\TCII_2.0\lpc_chip_175x_6x\inc" -I"C:\Users\ipave\Documentos\GitHub\TCII_2.0\lpc_board_nxp_lpcxpresso_1769\inc" -Os -g -Wall -c -fmessage-length=0 -fno-builtin -ffunction-sections -fdata-sections -fmacro-prefix-map="../src/"= -mcpu=cortex-m3 -mthumb -fstack-usage -specs=redlib.specs -MMD -MP -MF"src/board.d" -MT"src/board.o" -MT"src/board.d" -o "src/board.o" "../src/board.c"
Invoking: MCU C Compiler
Invoking: MCU C Compiler
arm-none-eabi-gcc -D__REDLIB__ -DNDEBUG -D__CODE_RED -D__USE_LPCOPEN -DCORE_M3 -I"C:\Users\ipave\Documentos\GitHub\TCII_2.0\lpc_chip_175x_6x\inc" -I"C:\Users\ipave\Documentos\GitHub\TCII_2.0\lpc_board_nxp_lpcxpresso_1769\inc" -Os -g -Wall -c -fmessage-length=0 -fno-builtin -ffunction-sections -fdata-sections -fmacro-prefix-map="../src/"= -mcpu=cortex-m3 -mthumb -fstack-usage -specs=redlib.specs -MMD -MP -MF"src/board_sysinit.d" -MT"src/board_sysinit.o" -MT"src/board_sysinit.d" -o "src/board_sysinit.o" "../src/board_sysinit.c"
arm-none-eabi-gcc -D__REDLIB__ -DNDEBUG -D__CODE_RED -D__USE_LPCOPEN -DCORE_M3 -I"C:\Users\ipave\Documentos\GitHub\TCII_2.0\lpc_chip_175x_6x\inc" -I"C:\Users\ipave\Documentos\GitHub\TCII_2.0\lpc_board_nxp_lpcxpresso_1769\inc" -Os -g -Wall -c -fmessage-length=0 -fno-builtin -ffunction-sections -fdata-sections -fmacro-prefix-map="../src/"= -mcpu=cortex-m3 -mthumb -fstack-usage -specs=redlib.specs -MMD -MP -MF"src/lpc_phy_smsc87x0.d" -MT"src/lpc_phy_smsc87x0.o" -MT"src/lpc_phy_smsc87x0.d" -o "src/lpc_phy_smsc87x0.o" "../src/lpc_phy_smsc87x0.c"
../src/board.c: In function 'Board_I2C_Init':
../src/board.c:267:9: warning: enumeration value 'I2C_NUM_INTERFACE' not handled in switch [-Wswitch]
  267 |         switch (id) {
      |         ^~~~~~
Finished building: ../src/board_sysinit.c
Finished building: ../src/lpc_phy_smsc87x0.c
 
 
Finished building: ../src/board.c
 
Building target: liblpc_board_nxp_lpcxpresso_1769.a
Invoking: MCU Archiver
arm-none-eabi-ar -r  "liblpc_board_nxp_lpcxpresso_1769.a" ./src/board.o ./src/board_sysinit.o ./src/lpc_phy_smsc87x0.o   
Finished building target: liblpc_board_nxp_lpcxpresso_1769.a
 
Performing post-build steps
arm-none-eabi-size "liblpc_board_nxp_lpcxpresso_1769.a" ; # arm-none-eabi-objdump -h -S "liblpc_board_nxp_lpcxpresso_1769.a" >"liblpc_board_nxp_lpcxpresso_1769.lss"
   text	   data	    bss	    dec	    hex	filename
   1001	      0	      0	   1001	    3e9	board.o (ex liblpc_board_nxp_lpcxpresso_1769.a)
    154	      0	      0	    154	     9a	board_sysinit.o (ex liblpc_board_nxp_lpcxpresso_1769.a)
    404	      0	     18	    422	    1a6	lpc_phy_smsc87x0.o (ex liblpc_board_nxp_lpcxpresso_1769.a)
 

13:20:18 Build Finished. 0 errors, 1 warnings. (took 643ms)

